//! Shared setup for the tests in this folder.

use seleniumbase_rs::config::settings::Settings;
use seleniumbase_rs::{BrowserConfig, Result};

/// The browser configuration every test uses.
///
/// It reads `sbase_config.toml` from the directory `cargo test` runs in, then
/// lets `SB_*` environment variables (for example `SB_HEADLESS=true`) override it.
pub fn config() -> Result<BrowserConfig> {
    Ok(Settings::load(None::<&str>)?.to_browser_config())
}
